
> schoolcrest-interactive@0.1.0 build
> next build

Γû▓ Next.js 16.1.1 (Turbopack)
- Environments: .env.local
- Experiments (use with caution):
  ┬╖ serverActions

node.exe : ΓÜá The 
"middleware" file 
convention is 
deprecated. Please 
use "proxy" instead. 
Learn more: https://n
extjs.org/docs/messag
es/middleware-to-prox
y
At line:1 char:1
+ & "C:\Program Files
\nodejs/node.exe" 
"C:\Program 
Files\nodejs/node_mo 
...
+ ~~~~~~~~~~~~~~~~~~~
~~~~~~~~~~~~~~~~~~~~~
~~~~~~~~~~~~~~~~~~~~~
~~~~~~~~
    + CategoryInfo   
           : NotSpe  
  cified: (ΓÜá The   
  "middle...lewar    
e-to-proxy:Strin    
g) [], RemoteExc    
eption
    + FullyQualified 
   ErrorId : Native  
  CommandError
 
  Creating an optimized production build ...
Γ£ô Compiled successfully in 11.2s
  Running TypeScript ...
Failed to compile.

./scripts/list_admins
.ts:36:43
Type error: Property 
'name' does not 
exist on type '{ 
name: any; slug: 
any; }[]'.

[0m [90m 34 |[39m 
        console[33m.
[39mlog([32m`Email:
 ${a.email}`[39m)
 [90m 35 |[39m     
    console[33m.[39
mlog([32m`Role: 
${a.role}`[39m)
[31m[1m>[22m[39m
[90m 36 |[39m       
  console[33m.[39ml
og([32m`School: 
${a.schools?.name} ($
{a.school_id})`[39m)
 [90m    |[39m     
                     
                 
[31m[1m^[22m[39m
 [90m 37 |[39m     
    console[33m.[39
mlog([32m`Slug: ${a.
schools?.slug}`[39m)
 [90m 38 |[39m     
    console[33m.[39
mlog([32m"----------
-----------"[39m)
 [90m 39 |[39m     
})[0m
Next.js build worker 
exited with code: 1 
and signal: null
